
> gestor-inventario@1.0.0 test
> vitest run

8:10:54 PM [vite] warning: `esbuild` option was specified by "vite:react-babel" plugin. This option is deprecated, please use `oxc` instead.
8:10:54 PM [vite] warning: `optimizeDeps.esbuildOptions` option was specified by "vite:react-babel" plugin. This option is deprecated, please use `optimizeDeps.rolldownOptions` instead.
Both esbuild and oxc options were set. oxc options will be used and esbuild options will be ignored. The following esbuild options were set: `{ jsx: 'automatic', jsxImportSource: undefined }`

 RUN  v4.1.7 /home/sierraecho/Descargas/proyectoSoftware2


 Test Files  5 passed (5)
      Tests  43 passed (43)
   Start at  20:10:54
   Duration  9.25s (transform 423ms, setup 343ms, import 1.13s, tests 8.78s, environment 3.95s)

